Set 0:
Binary patterns:
Strength = 330@2653: LyNX archive [application/x-commodore-lnx]
Strength = 280@2293: shell archive text [application/octet-stream]
Strength = 240@2745: Unison archive format []
Strength = 230@1202: SAPCAR archive data []
Strength = 220@536: MIPS archive [application/x-archive]
Strength = 220@1185: EXP1 archive data []
Strength = 200@2355: BitTorrent file [application/x-bittorrent]
Strength = 190@2748: Anki APKG file []
Strength = 171@478: part of multipart Debian package [application/vnd.debian.binary-package]
Strength = 170@2300: LBR archive data []
Strength = 160@1257: ARS-Sfx archive data []
Strength = 151@2452: Personal NetWare Packed File [application/x-novell-compress]
Strength = 140@2351: BitTorrent file [application/x-bittorrent]
Strength = 130@671: NuLIB archive data []
Strength = 130@687: DPA archive data []
Strength = 130@2358: BitTorrent file [application/x-bittorrent]
Strength = 120@2338: GTKtalog catalog data, []
Strength = 110@324: GNU tar incremental snapshot data []
Strength = 110@555: current ar archive [application/x-archive]
Strength = 110@578: thin archive with []
Strength = 110@617: RISC OS archive (ArcFS format) []
Strength = 110@618: RISC OS archive (ArcFS format) []
Strength = 110@1073: CAZIP compressed file [application/x-compress-cazip]
Strength = 110@1107: TSComp archive [application/x-tscomp-compressed]
Strength = 110@1203: SAPCAR archive data []
Strength = 110@1204: SAPCAR archive data [application/vnd.sar]
Strength = 110@1334: WinImage archive data []
Strength = 110@1411: PAQ archive data []
Strength = 110@1783: RAR archive data, v5 [application/vnd.rar]
Strength = 110@1801: Zip multi-volume archive data, at least PKZIP v2.50 to extract [application/zip]
Strength = 110@2392: Zip archive data [application/zip]
Strength = 110@2473: Foxit add-on/update [application/x-fzip]
Strength = 110@2501: KGB Archiver file []
Strength = 110@2593: BBeB ebook data, unencrypted []
Strength = 110@2674: Acronis True Image backup [application/x-acronis-tib]
Strength = 110@2865: VM Archive []
Strength = 101@991: EDI LZSS2 packed [application/x-edi-pack-lzss]
Strength = 100@654: JRC archive data []
Strength = 100@679: CrossePAC archive data []
Strength = 100@1193: Par archive data []
Strength = 100@1336: Compressia archive data []
Strength = 100@1578: JAM archive, []
Strength = 100@1771: RAR archive data [application/vnd.rar]
Strength = 100@2361: BitTorrent file [application/x-bittorrent]
Strength = 100@2411: ACE archive data [application/x-ace-compressed]
Strength =  90@363: ASCII cpio archive (pre-SVR4 or odc) [application/x-cpio]
Strength =  90@368: ASCII cpio archive (SVR4 with no CRC) [application/x-cpio]
Strength =  90@373: ASCII cpio archive (SVR4 with CRC) [application/x-cpio]
Strength =  90@643: BSArc/BS2 archive data []
Strength =  90@673: PAKLeo archive data []
Strength =  90@683: KBoom archive data []
Strength =  90@845: FoxSQZ archive data []
Strength =  90@1085: FTCOMP compressed archive [application/x-compress-ftcomp]
Strength =  90@1141: Squash archive data []
Strength =  90@1189: NRV archive data []
Strength =  90@1278: TPac archive data []
Strength =  90@2176: StarView MetaFile []
Strength =  81@1677:  []
Strength =  81@1681:  []
Strength =  81@1684:  []
Strength =  81@1686:  []
Strength =  81@1688:  []
Strength =  81@1690:  []
Strength =  81@1692:  []
Strength =  81@1694:  []
Strength =  81@1698:  []
Strength =  81@1703:  []
Strength =  81@1706:  []
Strength =  81@1709:  []
Strength =  81@1712:  []
Strength =  81@1715:  []
Strength =  81@1718:  []
Strength =  81@1721:  []
Strength =  81@1726:  []
Strength =  81@1728:  []
Strength =  81@1730:  []
Strength =  81@1732:  []
Strength =  81@1734:  []
Strength =  81@1736:  []
Strength =  81@1738:  []
Strength =  81@2307:  []
Strength =  81@2310:  []
Strength =  81@2313:  []
Strength =  80@627: Crush archive data []
Strength =  80@629: Squeeze It archive data []
Strength =  80@631: SQWEZ archive data []
Strength =  80@681: Freeze archive data []
Strength =  80@837: ZPack archive data []
Strength =  80@1160: RAX archive data []
Strength =  80@1162: Xtreme archive data []
Strength =  80@1164: Pack Magic archive data []
Strength =  80@1251: ChiefLZA archive data []
Strength =  80@1253: Blink archive data []
Strength =  80@1259: AKT32 archive data []
Strength =  80@1262: NPack archive data []
Strength =  80@1282: Ai archive data [application/x-compress-ai]
Strength =  80@1286: Ai archive data [application/x-compress-ai]
Strength =  80@1408: ZZip archive data []
Strength =  80@1421: JAR (ARJ Software, Inc.) archive data [application/x-compress-j]
Strength =  80@1430: JAR (ARJ Software, Inc.) archive data [application/x-compress-jar]
Strength =  80@1745: Swag archive data []
Strength =  80@2315: PMarc SFX archive (CP/M, DOS) []
Strength =  80@2318: PopCom compressed executable (CP/M) []
Strength =  80@2444: sfArk compressed Soundfont []
Strength =  72@1851: IOS/iPadOS IPA file [application/x-ios-app]
Strength =  71@2169: Zip archive data (empty) [application/zip]
Strength =  71@2188: Zoo archive data [application/x-zoo]
Strength =  71@2699: Gentoo binary package (XPAK) [application/vnd.gentoo.xpak]
Strength =  71@2708: XBMC texture package [application/x-xbmc-xbt]
Strength =  71@2754: Synology archive []
Strength =  71@2808: Electron ASAR archive []
Strength =  71@2819: Wasay ImageIt DataPack []
Strength =  70@439: very old 32-bit-int little-endian archive []
Strength =  70@440: very old 32-bit-int big-endian archive []
Strength =  70@446: old 32-bit-int little-endian archive []
Strength =  70@448: old 32-bit-int big-endian archive []
Strength =  70@454: PDP-11 old archive []
Strength =  70@455: PDP-11 4.0 archive []
Strength =  70@462: apl workspace []
Strength =  70@467: System V Release 1 ar archive [application/x-archive]
Strength =  70@592: ARC archive data, dynamic LZW [application/x-arc]
Strength =  70@594: ARC archive data, squashed [application/x-arc]
Strength =  70@596: ARC archive data, uncompressed [application/x-arc]
Strength =  70@598: ARC archive data, packed [application/x-arc]
Strength =  70@600: ARC archive data, squeezed [application/x-arc]
Strength =  70@602: ARC archive data, crunched [application/x-arc]
Strength =  70@605: PAK archive data [application/x-arc]
Strength =  70@607: ARC+ archive data [application/x-arc]
Strength =  70@609: HYP archive data [application/x-arc]
Strength =  70@633: HPack archive data []
Strength =  70@635: HAP archive data []
Strength =  70@637: MDCD archive data []
Strength =  70@639: LIM archive data []
Strength =  70@645: BSArc archive data []
Strength =  70@658: ReSOF archive data []
Strength =  70@665: X1 archive data []
Strength =  70@667: CDC Codec archive data []
Strength =  70@675: ChArc archive data []
Strength =  70@843: DRY archive data []
Strength =  70@847: AR7 archive data []
Strength =  70@849: PPMZ archive data []
Strength =  70@1095: MP3-Archiver archive data []
Strength =  70@1097: ZET archive data []
Strength =  70@1139: ARQ archive data []
Strength =  70@1143: Terse archive data []
Strength =  70@1148: ABComp archive data []
Strength =  70@1154: InstallShield Z archive Data []
Strength =  70@1166: BTS archive data []
Strength =  70@1168: ELI 5750 archive data []
Strength =  70@1170: QFC archive data []
Strength =  70@1171: QFC archive data []
Strength =  70@1179: LZS221 archive data []
Strength =  70@1187: IMP archive data []
Strength =  70@1191: Squish archive data []
Strength =  70@1198: SBX archive data []
Strength =  70@1219: InstallShield [application/x-installshield]
Strength =  70@1247: BlakHole archive data []
Strength =  70@1249: BIX archive data []
Strength =  70@1264: PFT archive data []
Strength =  70@1268: PPMD archive data []
Strength =  70@1272: MSXiE archive data []
Strength =  70@1274: DeepFreezer archive data []
Strength =  70@1276: DC archive data []
Strength =  70@1293: Ai32 archive data [application/x-compress-ai]
Strength =  70@1305: Ai32 archive data [application/x-compress-ai]
Strength =  70@1320: DMS archive data []
Strength =  70@1322: EPC archive data []
Strength =  70@1328: ReDuq archive data []
Strength =  70@1330: GCA archive data []
Strength =  70@1340: WinHKI archive data []
Strength =  70@1344: BSN archive data []
Strength =  70@1345: BSN archive data []
Strength =  70@1346: BSN archive data []
Strength =  70@1355: SZip archive data []
Strength =  70@1378: Xpack single archive data []
Strength =  70@1565: HA archive data []
Strength =  70@1575: HPACK archive data []
Strength =  70@1789: RAR archive data (<v1.5) [application/vnd.rar]
Strength =  70@1794: squished archive data (Acorn RISCOS) []
Strength =  70@1798: UC2 archive data []
Strength =  70@2346: PARity archive data []
Strength =  70@2464: EET archive [application/x-eet]
Strength =  70@2478: dar archive, []
Strength =  70@2489: Symbian installation file [application/vnd.symbian.install]
Strength =  70@2493: Symbian installation file (Symbian OS 9.x) [x-epoc/x-sisx-app]
Strength =  70@2497: MoPaQ (MPQ) archive []
Strength =  70@2512: xar archive [application/x-xar]
Strength =  70@2569: Parity Archive Volume Set []
Strength =  70@2574: Bacula volume []
Strength =  70@2588: ZPAQ file []
Strength =  70@2603: Norton GHost image []
Strength =  70@2635: Google Chrome extension [application/x-chrome-extension]
Strength =  70@2726: ALZ archive data []
Strength =  70@2730: EGG archive data, []
Strength =  70@2742: PAQ9A archive []
Strength =  70@2838: Stone archive [application/x-stone-binary]
Strength =  70@2856: Stratus OpenVOS EFV archive []
Strength =  61@855: MS Compress archive data, KWAJ variant [application/x-ms-compress-kwaj]
Strength =  61@980: MS Compress archive data, QBasic variant [application/x-ms-compress-sz]
Strength =  61@1173: PRO-PACK archive data (compression 1) []
Strength =  61@2771: MonoGame/XNA processed assets []
Strength =  60@641: SAR archive data []
Strength =  60@648: MAR archive data []
Strength =  60@656: Quantum archive data []
Strength =  60@669: AMGC archive data []
Strength =  60@677: PSA archive data []
Strength =  60@835: ESP archive data []
Strength =  60@841: UFA archive data []
Strength =  60@1145: UHarc archive data []
Strength =  60@1147: ABComp archive data []
Strength =  60@1150: CMP archive data []
Strength =  60@1152: Splint archive data []
Strength =  60@1156: Gather archive data []
Strength =  60@1158: BOA archive data []
Strength =  60@1177: 777 archive data []
Strength =  60@1181: HPA archive data []
Strength =  60@1194: Par archive data []
Strength =  60@1200: NaShrink archive data []
Strength =  60@1209: Disintegrator archive data []
Strength =  60@1211: ASD archive data []
Strength =  60@1243: TOP4 archive data []
Strength =  60@1260: AKT archive data []
Strength =  60@1266: SemOne archive data []
Strength =  60@1270: FIZ archive data []
Strength =  60@1314: SBC archive data []
Strength =  60@1316: Ybs archive data []
Strength =  60@1318: DitPack archive data []
Strength =  60@1324: VSARC archive data []
Strength =  60@1326: PDZ archive data []
Strength =  60@1338: UHBC archive data []
Strength =  60@1342: WWPack archive data []
Strength =  60@1347: BSN archive data []
Strength =  60@1348: BSN archive data []
Strength =  60@1349: BSN archive data []
Strength =  60@1367: XPA []
Strength =  60@1409: ZZip archive data []
Strength =  60@1412: PAQ archive data []
Strength =  60@1741: PUT archive data []
Strength =  60@2584: ZPAQ stream []
Strength =  60@2643: SeqBox, []
Strength =  56@13:  []
Strength =  51@345: cpio archive [application/x-cpio]
Strength =  51@694:  []
Strength =  51@708:  []
Strength =  51@719:  []
Strength =  51@775:  []
Strength =  51@1360: Xpack DiskImage archive data []
Strength =  51@1398: Dzip archive data [application/x-dzip]
Strength =  51@1444:  []
Strength =  51@2373: Atari MSA archive data [application/x-atari-msa]
Strength =  51@2399: Zip archive, with extra data prepended [application/zip]
Strength =  50@356: byte-swapped cpio archive [application/x-cpio]
Strength =  50@437: very old 16-bit-int little-endian archive []
Strength =  50@438: very old 16-bit-int big-endian archive []
Strength =  50@442: old 16-bit-int little-endian archive []
Strength =  50@444: old 16-bit-int big-endian archive []
Strength =  50@660: QuArk archive data []
Strength =  50@662: YAC archive data []
Strength =  50@664: X1 archive data []
Strength =  50@685: NSQ archive data []
Strength =  50@839: Sky archive data []
Strength =  50@1183: Arhangel archive data []
Strength =  50@1196: HIT archive data []
Strength =  50@1255: Logitech Compress archive data []
Strength =  50@1332: PPMN archive data []
Strength =  50@1351: AIN archive data []
Strength =  50@1352: AIN archive data []
Strength =  50@1550: ARJ archive data []
Strength =  50@2326: PRCS packaged project []
Strength =  49@703:  []
Strength =  49@712:  []
Strength =  49@730:  []
Strength =  38@964: InstallShield archive [application/x-installshield-compress-szdd]
Text patterns:
Strength =  39@583: Software Tools format archive text []
Set 1:
Binary patterns:
Text patterns:
