Set 0:
Binary patterns:
Strength = 270@2371: floppy image data (ApriDisk) []
Strength = 210@2576: %s []
Strength = 191@2634:  []
Strength = 191@2637:  []
Strength = 190@1591: ntfsclone image, []
Strength = 190@2076: Aculab VoIP firmware []
Strength = 150@1183: SYSLINUX loader []
Strength = 150@2267: Marvell Libertas firmware []
Strength = 150@2295: BTRFS stream file []
Strength = 150@2299: dvdisaster error correction file []
Strength = 140@1185: SYSLINUX loader []
Strength = 131@1370: DOS/MBR boot sector [application/x-ima]
Strength = 130@2472: disk image data (YAZE) []
Strength = 121@2695: YAFFS filesystem root entry (little endian) []
Strength = 120@214: Smart Boot Manager backup file []
Strength = 120@244: Norton Utilities disc image data []
Strength = 120@1805: DOS floppy 360k []
Strength = 120@1807: DOS floppy 720k []
Strength = 120@1809: DOS floppy 1440k []
Strength = 120@1812: DOS floppy 720k, IBM []
Strength = 120@1814: DOS floppy 1440k, mkdosfs []
Strength = 120@1817: Atari-ST floppy 360k []
Strength = 120@1818: Atari-ST floppy 720k []
Strength = 120@2061: ReiserFS V3.6 []
Strength = 120@2062: ReiserFS V3.6.19 []
Strength = 120@2213: Delta ISO data []
Strength = 120@2230: Oracle Clustered Filesystem, []
Strength = 120@2251: Files-11 On-Disk Structure []
Strength = 116@1971:  []
Strength = 115@278: DOS/MBR boot sector []
Strength = 111@1172: isolinux Loader []
Strength = 111@1222: NetBSD mbr []
Strength = 111@1256: AdvanceMAME mbr []
Strength = 111@1268: Turton mbr ( []
Strength = 110@249: Norton Disk Doctor UnDo file []
Strength = 110@1155: romfs filesystem, version 1 []
Strength = 110@1670: HAMMER filesystem (little-endian), []
Strength = 110@1677: HAMMER2 filesystem (little-endian), []
Strength = 110@2060: ReiserFS V3.5 []
Strength = 110@2072: EST flat binary []
Strength = 110@2237: Oracle ASM Volume, []
Strength = 110@2239: Oracle ASM Volume (cleared), []
Strength = 110@2244: Compaq/HP RILOE floppy image []
Strength = 110@2262: PowerISO Direct-Access-Archive []
Strength = 110@2280: BTRFS Filesystem []
Strength = 110@2536: ReFS filesystem image []
Strength = 110@2541: EWF/Expert Witness/EnCase image file format []
Strength = 106@254: DOS/MBR boot sector []
Strength = 101@231: DOS Emulator image []
Strength =  91@2219: OpenVMS backup saveset data []
Strength =  91@2704: YAFFS filesystem root entry (big endian) []
Strength =  90@2303: CROMFS []
Strength =  81@265: DOS/MBR boot sector, []
Strength =  81@1987:  []
Strength =  81@2724: EldOS Corporation SolidFS, 256 bytes page size []
Strength =  81@2729: EldOS Corporation SolidFS, 512 bytes page size []
Strength =  81@2734: EldOS Corporation SolidFS, 1KiB page size []
Strength =  81@2739: EldOS Corporation SolidFS, 2KiB page size []
Strength =  81@2744: EldOS Corporation SolidFS, 4KiB page size []
Strength =  81@2749: EldOS Corporation SolidFS, 8KiB page size []
Strength =  81@2754: EldOS Corporation SolidFS, 16KiB page size []
Strength =  81@2759: EldOS Corporation SolidFS, 32KiB page size []
Strength =  81@2764: EldOS Corporation SolidFS, 64KiB page size []
Strength =  80@1953: ISO 9660 CD-ROM filesystem data (raw 2352 byte sectors) [application/x-iso9660-image]
Strength =  80@1958: High Sierra CD-ROM filesystem data []
Strength =  80@2033: Nero CD image at 0x4B000 [application/x-nrg]
Strength =  80@2199: AFS Dump []
Strength =  73@1199: SYSLINUX MBR []
Strength =  71@1189: Syslinux bootloader (version 2.13 or older) []
Strength =  71@2271: GFS1 Filesystem []
Strength =  71@2317: XFS filesystem metadump image []
Strength =  71@2328: JFS2 filesystem image []
Strength =  71@2545: UBIfs image []
Strength =  71@2551: UBI image, version %u []
Strength =  71@2559: NEC PC-88 disk image, name=%s []
Strength =  71@2715: littlefs superblock []
Strength =  70@187: PC formatted floppy with no filesystem []
Strength =  70@1152: FATX filesystem data []
Strength =  70@1160: Netboot image, []
Strength =  70@1166: OS/2 Boot Manager []
Strength =  70@1177: pxelinux loader (version 2.13 or older) []
Strength =  70@1179: pxelinux loader []
Strength =  70@1181: pxelinux loader (version 3.70 or newer) []
Strength =  70@1566: NTFS []
Strength =  70@1572: NTFS []
Strength =  70@1616: Unix Fast File system [v1] (little-endian), []
Strength =  70@1619: Unix Fast File system [v1] (big-endian), []
Strength =  70@1646: Unix Fast File system [v2ea] (little-endian) []
Strength =  70@1649: Unix Fast File system [v2] (little-endian) []
Strength =  70@1652: Unix Fast File system [v2ea] (little-endian) []
Strength =  70@1655: Unix Fast File system [v2] (big-endian) []
Strength =  70@1658: Unix Fast File system [v2ea] (little-endian) []
Strength =  70@1661: Unix Fast File system [v2] (little-endian) []
Strength =  70@1664: Unix Fast File system [v2ea] (little-endian) []
Strength =  70@1667: Unix Fast File system [v2] (big-endian) []
Strength =  70@1730: F2FS filesystem []
Strength =  70@1786: SGI disk label (volume header) []
Strength =  70@1789: SGI XFS filesystem data []
Strength =  70@1797: Atari-ST Minix kernel image []
Strength =  70@2039: Linux Compressed ROM File System data, little endian []
Strength =  70@2049: Linux Compressed ROM File System data, big endian []
Strength =  70@2081: u-boot legacy uImage, []
Strength =  70@2191: Squashfs filesystem, big endian, []
Strength =  70@2194: Squashfs filesystem, little endian, []
Strength =  70@2322: Delta ISO data, []
Strength =  70@2342: LFS filesystem image []
Strength =  70@2585: SCO UnixWare BFS filesystem []
Strength =  70@2588: BE/OS BFS1 filesystem []
Strength =  70@2602: NeXT version 1 disklabel []
Strength =  70@2604: NeXT version 2 disklabel []
Strength =  70@2606: NeXT version 3 disklabel []
Strength =  70@2643: EROFS filesystem []
Strength =  70@2771: yblob object store image data []
Strength =  60@2364: floppy image data (TeleDisk, compressed) []
Strength =  60@2365: floppy image data (TeleDisk) []
Strength =  60@2367: floppy image data (CopyQM, []
Strength =  51@190: Sun disk label []
Strength =  51@1312: GRand Unified Bootloader []
Strength =  51@2379:  []
Strength =  51@2382:  []
Strength =  51@2385:  []
Strength =  51@2480:  []
Strength =  50@1687: Linux []
Strength =  50@2153: Linux old jffs2 filesystem data little endian []
Strength =  50@2154: Linux old jffs2 filesystem data big endian []
Strength =  50@2155: Linux jffs2 filesystem data little endian []
Strength =  50@2156: Linux jffs2 filesystem data big endian []
Strength =  26@1740: Minix filesystem, V1, 14 char names, %d zones []
Strength =  26@1745: Minix filesystem, V1 (big endian), %d zones []
Strength =  26@1750: Minix filesystem, V1, 30 char names, %d zones []
Strength =  26@1755: Minix filesystem, V1, 30 char names (big endian), %d zones []
Text patterns:
Set 1:
Binary patterns:
Text patterns:
