Set 0:
Binary patterns:
Strength = 270@461: Linux S390 []
Strength = 190@650: Xen saved domain []
Strength = 180@955: Ansible Vault []
Strength = 151@932: Flattened kdump compressed dump []
Strength = 140@53: Linux make config build file (old) []
Strength = 140@385: OLD_VARIANT Linux []
Strength = 130@78: Linux old swap file, 4k page size []
Strength = 130@79: Linux old swap file, 8k page size []
Strength = 130@80: Linux old swap file, 16k page size []
Strength = 130@81: Linux old swap file, 32k page size []
Strength = 130@82: Linux old swap file, 64k page size []
Strength = 130@101: Linux swap file, 4k page size, []
Strength = 130@103: Linux swap file, 8k page size, []
Strength = 130@105: Linux swap file, 16k page size, []
Strength = 130@107: Linux swap file, 32k page size, []
Strength = 130@109: Linux swap file, 64k page size, []
Strength = 130@120: Linux swap file, 4k page size, []
Strength = 130@123: Linux swap file, 8k page size, []
Strength = 130@126: Linux swap file, 16k page size, []
Strength = 130@129: Linux swap file, 32k page size, []
Strength = 130@132: Linux swap file, 64k page size, []
Strength = 125@145: Linux kernel [application/x-linux-kernel]
Strength = 111@535: Linux kernel []
Strength = 111@663: Journal file [application/x-linux-journal]
Strength = 111@750: BCache []
Strength = 110@628: LVM2 PV (Linux Logical Volume Manager) []
Strength = 110@631: LVM2 PV (Linux Logical Volume Manager) []
Strength = 110@634: LVM2 PV (Linux Logical Volume Manager) []
Strength = 110@637: LVM2 PV (Linux Logical Volume Manager) []
Strength = 110@822: mlocate database [application/x-mlocate]
Strength = 110@848: plocate database [application/x-plocate]
Strength = 110@919: Kdump compressed dump []
Strength = 110@945: e2fsck undo file, version 2 []
Strength = 110@966: GRUB Keyboard [application/x-grub-keyboard]
Strength = 110@985: Linux perf recording, version 1 []
Strength = 110@987: Linux perf recording, version 2. little endian []
Strength = 110@989: Linux perf recording, version 2. big endian []
Strength = 110@1000: perf(1) data []
Strength =  90@66: Linux/i386 PC Screen Font v2 data, []
Strength =  71@325: Linux [application/x-linux-kernel]
Strength =  71@774: Device Tree Blob version %d []
Strength =  70@16: Linux/i386 impure executable (OMAGIC) []
Strength =  70@18: Linux/i386 pure executable (NMAGIC) []
Strength =  70@20: Linux/i386 demand-paged executable (ZMAGIC) []
Strength =  70@22: Linux/i386 demand-paged executable (QMAGIC) []
Strength =  70@28: Linux-8086 impure executable []
Strength =  70@30: Linux-8086 executable []
Strength =  70@33: Linux-8086 object file []
Strength =  70@35: Minix-386 impure executable []
Strength =  70@37: Minix-386 executable []
Strength =  70@39: Minix-386 NSYM/GNU executable []
Strength =  70@49: Linux/i386 LILO boot/chain loader []
Strength =  70@373: User-mode Linux COW file []
Strength =  70@518: Linux kernel ARM boot executable zImage []
Strength =  70@520: Linux kernel ARM boot executable zImage []
Strength =  70@525: Linux kernel ARM64 boot executable Image []
Strength =  70@545: Linux kernel RISC-V boot executable Image []
Strength =  70@551: Linux-Dev86 executable, headerless []
Strength =  70@555: Linux-8086 executable []
Strength =  70@577: SYSLINUX' LSS16 image data [image/x-lss16]
Strength =  70@583: User-Mode-Linux's Copy-On-Write disk image []
Strength =  70@588: SE Linux policy []
Strength =  70@642: LVM Snapshot (CopyOnWrite store) []
Strength =  70@787: locale archive []
Strength =  70@801: Linux Software RAID []
Strength =  70@805: Linux Software RAID []
Strength =  70@906: iproute2 routes dump []
Strength =  70@907: iproute2 addresses dump []
Strength =  70@912: CRIU image file v1.1 []
Strength =  70@913: CRIU service file []
Strength =  70@914: CRIU inventory []
Strength =  60@25: Linux/i386 object file []
Strength =  60@602: LVM1 (Linux Logical Volume Manager), version 1 []
Strength =  60@605: LVM1 (Linux Logical Volume Manager), version 2 []
Strength =  50@60: Linux/i386 PC Screen Font v1 data, []
Strength =  35@42: Linux/i386 core file []
Text patterns:
Strength =  52@938: Device Tree File (v1) []
Strength =  50@54: Linux make config build file []
Strength =  38@366: Linux kernel symbol map text []
Strength =  36@369: Linux Software Map entry text []
Strength =  36@370: Linux Software Map entry text (new format) []
Set 1:
Binary patterns:
Text patterns:
