Set 0:
Binary patterns:
Strength = 170@28: PDF document (UTF-8) [application/pdf]
Strength = 150@20: PDF document [application/pdf]
Strength = 140@12: PDF document [application/pdf]
Strength = 140@38: FDF document [application/vnd.fdf]
Text patterns:
Strength = 100@45: PDF document [application/pdf]
Set 1:
Binary patterns:
Text patterns:
