Set 0:
Binary patterns:
Strength =  90@316: NumPy data file [application/x-numpy-data]
Strength =  70@13: python 1.0 byte-compiled [application/x-bytecode.python]
Strength =  70@15: python 1.1/1.2 byte-compiled [application/x-bytecode.python]
Strength =  70@17: python 1.3 byte-compiled [application/x-bytecode.python]
Strength =  70@19: python 1.4 byte-compiled [application/x-bytecode.python]
Strength =  70@21: python 1.5 byte-compiled [application/x-bytecode.python]
Strength =  70@23: python 1.6 byte-compiled [application/x-bytecode.python]
Strength =  70@25: python 1.6 byte-compiled [application/x-bytecode.python]
Strength =  70@27: python 2.0 byte-compiled [application/x-bytecode.python]
Strength =  70@29: python 2.0 byte-compiled [application/x-bytecode.python]
Strength =  70@31: python 2.1 byte-compiled [application/x-bytecode.python]
Strength =  70@33: python 2.1 byte-compiled [application/x-bytecode.python]
Strength =  70@35: python 2.2 byte-compiled [application/x-bytecode.python]
Strength =  70@37: python 2.2 byte-compiled [application/x-bytecode.python]
Strength =  70@39: python 2.3 byte-compiled [application/x-bytecode.python]
Strength =  70@41: python 2.3 byte-compiled [application/x-bytecode.python]
Strength =  70@43: python 2.3 byte-compiled [application/x-bytecode.python]
Strength =  70@45: python 2.4 byte-compiled [application/x-bytecode.python]
Strength =  70@47: python 2.4 byte-compiled [application/x-bytecode.python]
Strength =  70@49: python 2.4 byte-compiled [application/x-bytecode.python]
Strength =  70@51: python 2.4 byte-compiled [application/x-bytecode.python]
Strength =  70@53: python 2.5 byte-compiled [application/x-bytecode.python]
Strength =  70@55: python 2.5 byte-compiled [application/x-bytecode.python]
Strength =  70@57: python 2.5 byte-compiled [application/x-bytecode.python]
Strength =  70@59: python 2.5 byte-compiled [application/x-bytecode.python]
Strength =  70@61: python 2.5 byte-compiled [application/x-bytecode.python]
Strength =  70@63: python 2.5 byte-compiled [application/x-bytecode.python]
Strength =  70@65: python 2.5 byte-compiled [application/x-bytecode.python]
Strength =  70@67: python 2.5 byte-compiled [application/x-bytecode.python]
Strength =  70@69: python 2.5 byte-compiled [application/x-bytecode.python]
Strength =  70@71: python 2.6 byte-compiled [application/x-bytecode.python]
Strength =  70@73: python 2.6 byte-compiled [application/x-bytecode.python]
Strength =  70@75: python 2.6 byte-compiled [application/x-bytecode.python]
Strength =  70@77: python 2.7 byte-compiled [application/x-bytecode.python]
Strength =  70@79: python 2.7 byte-compiled [application/x-bytecode.python]
Strength =  70@81: python 2.7 byte-compiled [application/x-bytecode.python]
Strength =  70@83: python 2.7 byte-compiled [application/x-bytecode.python]
Strength =  70@85: python 2.7 byte-compiled [application/x-bytecode.python]
Strength =  70@87: python 2.7 byte-compiled [application/x-bytecode.python]
Strength =  70@89: PyPy2.7 byte-compiled [application/x-bytecode.python]
Strength =  70@91: python 3.0 byte-compiled [application/x-bytecode.python]
Strength =  70@93: python 3.0 byte-compiled [application/x-bytecode.python]
Strength =  70@95: python 3.0 byte-compiled [application/x-bytecode.python]
Strength =  70@97: python 3.0 byte-compiled [application/x-bytecode.python]
Strength =  70@99: python 3.0 byte-compiled [application/x-bytecode.python]
Strength =  70@101: python 3.0 byte-compiled [application/x-bytecode.python]
Strength =  70@103: python 3.0 byte-compiled [application/x-bytecode.python]
Strength =  70@105: python 3.0 byte-compiled [application/x-bytecode.python]
Strength =  70@107: python 3.0 byte-compiled [application/x-bytecode.python]
Strength =  70@109: python 3.0 byte-compiled [application/x-bytecode.python]
Strength =  70@111: python 3.0 byte-compiled [application/x-bytecode.python]
Strength =  70@113: python 3.0 byte-compiled [application/x-bytecode.python]
Strength =  70@115: python 3.0 byte-compiled [application/x-bytecode.python]
Strength =  70@117: python 3.0 byte-compiled [application/x-bytecode.python]
Strength =  70@119: python 3.0 byte-compiled [application/x-bytecode.python]
Strength =  70@121: python 3.1 byte-compiled [application/x-bytecode.python]
Strength =  70@123: python 3.1 byte-compiled [application/x-bytecode.python]
Strength =  70@125: python 3.2 byte-compiled [application/x-bytecode.python]
Strength =  70@127: python 3.2 byte-compiled [application/x-bytecode.python]
Strength =  70@129: python 3.2 byte-compiled [application/x-bytecode.python]
Strength =  70@131: python 3.3 byte-compiled [application/x-bytecode.python]
Strength =  70@133: python 3.3 byte-compiled [application/x-bytecode.python]
Strength =  70@135: python 3.3 byte-compiled [application/x-bytecode.python]
Strength =  70@137: python 3.3 byte-compiled [application/x-bytecode.python]
Strength =  70@139: python 3.3 byte-compiled [application/x-bytecode.python]
Strength =  70@141: python 3.4 byte-compiled [application/x-bytecode.python]
Strength =  70@143: python 3.4 byte-compiled [application/x-bytecode.python]
Strength =  70@145: python 3.4 byte-compiled [application/x-bytecode.python]
Strength =  70@147: python 3.4 byte-compiled [application/x-bytecode.python]
Strength =  70@149: python 3.4 byte-compiled [application/x-bytecode.python]
Strength =  70@151: python 3.4 byte-compiled [application/x-bytecode.python]
Strength =  70@153: python 3.4 byte-compiled [application/x-bytecode.python]
Strength =  70@155: python 3.5.1- byte-compiled [application/x-bytecode.python]
Strength =  70@157: python 3.5.1- byte-compiled [application/x-bytecode.python]
Strength =  70@159: python 3.5.1- byte-compiled [application/x-bytecode.python]
Strength =  70@161: python 3.5.1- byte-compiled [application/x-bytecode.python]
Strength =  70@163: python 3.5.2+ byte-compiled [application/x-bytecode.python]
Strength =  70@165: python 3.6 byte-compiled [application/x-bytecode.python]
Strength =  70@167: python 3.6 byte-compiled [application/x-bytecode.python]
Strength =  70@169: python 3.6 byte-compiled [application/x-bytecode.python]
Strength =  70@171: python 3.6 byte-compiled [application/x-bytecode.python]
Strength =  70@173: python 3.6 byte-compiled [application/x-bytecode.python]
Strength =  70@175: python 3.6 byte-compiled [application/x-bytecode.python]
Strength =  70@177: python 3.6 byte-compiled [application/x-bytecode.python]
Strength =  70@179: python 3.6 byte-compiled [application/x-bytecode.python]
Strength =  70@181: python 3.6 byte-compiled [application/x-bytecode.python]
Strength =  70@183: python 3.6 byte-compiled [application/x-bytecode.python]
Strength =  70@185: python 3.6 byte-compiled [application/x-bytecode.python]
Strength =  70@187: python 3.7 byte-compiled [application/x-bytecode.python]
Strength =  70@189: python 3.7 byte-compiled [application/x-bytecode.python]
Strength =  51@205: Byte-compiled Python module for [application/x-bytecode.python]
Text patterns:
Strength =  84@253: Python script text executable [text/x-script.python]
Strength =  82@256: Python script text executable [text/x-script.python]
Strength =  78@250: Python script text executable [text/x-script.python]
Strength =  60@9: Python script text executable []
Strength =  58@271: Python script text executable [text/x-script.python]
Strength =  57@277: Python script text executable [text/x-script.python]
Strength =  56@303: Python script text executable [text/x-script.python]
Strength =  54@295: Python script text executable [text/x-script.python]
Strength =  54@309: Python script text executable [text/x-script.python]
Strength =  52@262: Python script text executable [text/x-script.python]
Set 1:
Binary patterns:
Text patterns:
