Set 0:
Binary patterns:
Strength = 110@13: TI-80 Graphing Calculator File. []
Strength = 110@14: TI-81 Graphing Calculator File. []
Strength = 110@18: TI-73 Graphing Calculator []
Strength = 110@36: TI-82 Graphing Calculator []
Strength = 110@53: TI-83 Graphing Calculator []
Strength = 110@71: TI-83+ Graphing Calculator []
Strength = 110@92: TI-85 Graphing Calculator []
Strength = 110@125: TI-86 Graphing Calculator []
Strength = 110@156: TI-89 Graphing Calculator []
Strength = 110@174: TI-92 Graphing Calculator []
Strength = 110@191: TI-92+/V200 Graphing Calculator []
Strength = 110@210: TI-XX Graphing Calculator (FLASH) []
Strength =  80@235: TiEmu skin []
Strength =  60@230: Virtual TI skin []
Strength =  60@244: TI-99/4 image []
Text patterns:
Set 1:
Binary patterns:
Text patterns:
